File "./theories/Reals/Ranalysis1.v", line 146, characters 2-135:
Warning:
Benchmarking error: Cap'n Proto protocol error while communicating with proving server. No response was received.
File "./theories/Reals/AltSeries.v", line 381, characters 2-26:
Warning:
Benchmarking error: Cap'n Proto protocol error while communicating with proving server. No response was received.
File "./theories/Reals/R_sqr.v", line 252, characters 2-485:
Warning:
Benchmarking error: Cap'n Proto protocol error while communicating with proving server. No response was received.
File "./theories/Numbers/Cyclic/Int31/Ring31.v", line 82, characters 0-83:
Warning:
Benchmarking error: Cap'n Proto protocol error while communicating with proving server. No response was received.
File "./plugins/btauto/Algebra.v", line 475, characters 4-59:
Warning:
Tactician found a bug in it's tactical decomposition. Please report.
enough (Pos.max (Pos.succ i) i0 = i0) as <-; intuition
enough (_tmp_tactician0 : Pos.max (Pos.succ i) i0 = i0);
 [ intropattern subst <- _tmp_tactician0; idtac | .. ]; intuition

File "./theories/Reals/ConstructiveCauchyReals.v", line 1249, characters 2-9:
Warning:
Benchmarking error: Cap'n Proto protocol error while communicating with proving server. No response was received.
File "./theories/FSets/FSetPositive.v", line 319, characters 9-25:
Warning:
Tactician found a bug in it's tactical decomposition. Please report.
intros s x y ->
intros s;
 (intros x;
   (intros y;
     (intros _tmp_tactician0; (intropattern subst -> _tmp_tactician0; idtac))))

File "./theories/Numbers/DecimalPos.v", line 377, characters 1-73:
Warning:
Tactician found a bug in it's tactical decomposition. Please report.
destruct (Pos.of_uint d) eqn:Hd, (Pos.of_uint d') eqn:Hd'; intros [=]
<recording::with_runtime_info@0> <genarg:wit_runtime_info>;
 <recording::with_runtime_info@0> <genarg:wit_runtime_info>;
 (intros _tmp_tactician0; (first
   [ discriminate _tmp_tactician0; idtac
   | injection _tmp_tactician0 as; idtac
   | intro_equality_clear _tmp_tactician0; idtac
   | intro_equality_hnf _tmp_tactician0; idtac ]))

File "./theories/NArith/Ndist.v", line 235, characters 2-21:
Warning:
Benchmarking error: Cap'n Proto protocol error while communicating with proving server. No response was received.
File "./plugins/micromega/EnvRing.v", line 109, characters 8-30:
Warning:
Benchmarking error: Cap'n Proto protocol error while communicating with proving server. No response was received.
File "./theories/MSets/MSetRBT.v", line 1291, characters 1-15:
Warning:
Benchmarking error: Cap'n Proto protocol error while communicating with proving server. No response was received.
File "./theories/FSets/FMapWeakList.v", line 961, characters 8-86:
Warning:
Benchmarking error: Cap'n Proto protocol error while communicating with proving server. No response was received.
File "./theories/ZArith/BinInt.v", line 622, characters 18-68:
Warning:
Tactician found a bug in it's tactical decomposition. Please report.
destruct n as [| [| | ]| [| | ]]; simpl; try easy
try intros until n;
 (<recording::with_runtime_info@0> <genarg:wit_runtime_info>;
   [ ..
   | idtac
   | destruct _tmp_tactician0 as [| | ]; [ .. | idtac | idtac | idtac ]
   | destruct _tmp_tactician0 as [| | ]; [ .. | idtac | idtac | idtac ] ]);
 simpl; try easy

File "./theories/Classes/Morphisms_Relations.v", line 37, characters 7-16:
Warning:
Benchmarking error: Cap'n Proto protocol error while communicating with proving server. No response was received.
File "./theories/Sorting/Sorted.v", line 79, characters 4-99:
Warning:
Tactician found a bug in it's tactical decomposition. Please report.
split; [ induction 1 as [| a l [| ]] | induction 1 ]; auto
 using Sorted, LocallySorted, HdRel
split;
 [ <recording::with_runtime_info@0> <genarg:wit_runtime_info>;
    [ .. | idtac | destruct _tmp_tactician0 as [| ]; [ .. | idtac | idtac ] ]
 | <recording::with_runtime_info@0>
 <genarg:wit_runtime_info> ]; auto using Sorted, LocallySorted, HdRel

File "./theories/Lists/List.v", line 264, characters 6-22:
Warning:
Tactician found a bug in it's tactical decomposition. Please report.
intros a b [=]
intros a;
 (intros b;
   (intros _tmp_tactician0; (first
     [ discriminate _tmp_tactician0; idtac
     | injection _tmp_tactician0 as; idtac
     | intro_equality_clear _tmp_tactician0; idtac
     | intro_equality_hnf _tmp_tactician0; idtac ])))

File "./theories/PArith/BinPos.v", line 1631, characters 0-38:
Warning:
Tactician found a bug in it's tactical decomposition. Please report.
intros Hf Hg [s _ ->| s r _ -> Hr]
intros Hf;
 (intros Hg;
   (intros _tmp_tactician0;
     (destruct _tmp_tactician0
       as
        [s
         _tmp_tactician2
         _tmp_tactician4|
         s
         r
         _tmp_tactician2
         _tmp_tactician4
         Hr];
       [ ..
       | intropattern subst -> _tmp_tactician4; idtac;
          try clear _tmp_tactician2
       | intropattern subst -> _tmp_tactician4; idtac;
          try clear _tmp_tactician2 ])))

File "./theories/Arith/Between.v", line 145, characters 4-31:
Warning:
Benchmarking error: Cap'n Proto protocol error while communicating with proving server. No response was received.
File "./theories/Arith/Between.v", line 160, characters 6-52:
Warning:
Tactician found a bug in it's tactical decomposition. Please report.
destruct (exists_in_int k (S l)) as (l', [], ?)
<recording::with_runtime_info@0> <genarg:wit_runtime_info>;
 [ .. | destruct _tmp_tactician0 as []; idtac ]

File "./theories/Arith/Even.v", line 71, characters 2-14:
Warning:
Benchmarking error: Cap'n Proto protocol error while communicating with proving server. No response was received.
File "./theories/Arith/PeanoNat.v", line 287, characters 1-35:
Warning:
Tactician found a bug in it's tactical decomposition. Please report.
intros ([| ], H); try discriminate
intros _tmp_tactician0;
 (destruct _tmp_tactician0 as (_tmp_tactician2, H);
   [ .. | destruct _tmp_tactician2 as [| ]; [ .. | idtac | idtac ] ]);
 try discriminate

File "./theories/Numbers/NatInt/NZOrder.v", line 186, characters 7-13:
Warning:
Benchmarking error: Cap'n Proto protocol error while communicating with proving server. No response was received.
File "./plugins/ssr/ssrbool.v", line 680, characters 42-65:
Warning:
Benchmarking error: Cap'n Proto protocol error while communicating with proving server. No response was received.
File "./plugins/ssr/ssrbool.v", line 861, characters 47-62:
Warning:
Benchmarking error: Cap'n Proto protocol error while communicating with proving server. No response was received.
File "./theories/Logic/EqdepFacts.v", line 487, characters 0-12:
Warning:
Tactician found a bug in it's tactical decomposition. Please report.
intros * []
intros *; (intros _tmp_tactician0; (destruct _tmp_tactician0 as []; idtac))

File "./theories/Logic/EqdepFacts.v", line 493, characters 0-12:
Warning:
Tactician found a bug in it's tactical decomposition. Please report.
intros * []
intros *; (intros _tmp_tactician0; (destruct _tmp_tactician0 as []; idtac))

File "./theories/Logic/EqdepFacts.v", line 500, characters 0-12:
Warning:
Tactician found a bug in it's tactical decomposition. Please report.
intros * []
intros *; (intros _tmp_tactician0; (destruct _tmp_tactician0 as []; idtac))

